[    0.000000] Initializing cgroup subsys cpuset
[    0.000000] Initializing cgroup subsys cpu
[    0.000000] Initializing cgroup subsys cpuacct
[    0.000000] Linux version 4.4.0-53-generic (buildd@lcy01-28) (gcc version 5.4.0 20160609 (Ubuntu 5.4.0-6ubuntu1~16.04.4) ) #74-Ubuntu SMP Fri Dec 2 15:59:10 UTC 2016 (Ubuntu 4.4.0-53.74-generic 4.4.30)
[    0.000000] Command line: BOOT_IMAGE=/boot/vmlinuz-4.4.0-53-generic root=LABEL=cloudimg-rootfs ro console=tty1 console=ttyS0
[    0.000000] KERNEL supported cpus:
[    0.000000]   Intel GenuineIntel
[    0.000000]   AMD AuthenticAMD
[    0.000000]   Centaur CentaurHauls
[    0.000000] x86/fpu: xstate_offset[2]:  576, xstate_sizes[2]:  256
[    0.000000] x86/fpu: Supporting XSAVE feature 0x01: 'x87 floating point registers'
[    0.000000] x86/fpu: Supporting XSAVE feature 0x02: 'SSE registers'
[    0.000000] x86/fpu: Supporting XSAVE feature 0x04: 'AVX registers'
[    0.000000] x86/fpu: Enabled xstate features 0x7, context size is 832 bytes, using 'standard' format.
[    0.000000] x86/fpu: Using 'lazy' FPU context switches.
[    0.000000] e820: BIOS-provided physical RAM map:
[    0.000000] BIOS-e820: [mem 0x0000000000000000-0x000000000009fbff] usable
[    0.000000] BIOS-e820: [mem 0x000000000009fc00-0x000000000009ffff] reserved
[    0.000000] BIOS-e820: [mem 0x00000000000f0000-0x00000000000fffff] reserved
[    0.000000] BIOS-e820: [mem 0x0000000000100000-0x000000003ffeffff] usable
[    0.000000] BIOS-e820: [mem 0x000000003fff0000-0x000000003fffffff] ACPI data
[    0.000000] BIOS-e820: [mem 0x00000000fec00000-0x00000000fec00fff] reserved
[    0.000000] BIOS-e820: [mem 0x00000000fee00000-0x00000000fee00fff] reserved
[    0.000000] BIOS-e820: [mem 0x00000000fffc0000-0x00000000ffffffff] reserved
[    0.000000] NX (Execute Disable) protection: active
[    0.000000] SMBIOS 2.5 present.
[    0.000000] Hypervisor detected: KVM
[    0.000000] e820: last_pfn = 0x3fff0 max_arch_pfn = 0x400000000
[    0.000000] MTRR: Disabled
[    0.000000] x86/PAT: MTRRs disabled, skipping PAT initialization too.
[    0.000000] x86/PAT: Configuration [0-7]: WB  WT  UC- UC  WB  WT  UC- UC  
[    0.000000] CPU MTRRs all blank - virtualized system.
[    0.000000] found SMP MP-table at [mem 0x0009fff0-0x0009ffff] mapped at [ffff88000009fff0]
[    0.000000] Scanning 1 areas for low memory corruption
[    0.000000] RAMDISK: [mem 0x36f78000-0x377b3fff]
[    0.000000] ACPI: Early table checksum verification disabled
[    0.000000] ACPI: RSDP 0x00000000000E0000 000024 (v02 VBOX  )
[    0.000000] ACPI: XSDT 0x000000003FFF0030 00003C (v01 VBOX   VBOXXSDT 00000001 ASL  00000061)
[    0.000000] ACPI: FACP 0x000000003FFF00F0 0000F4 (v04 VBOX   VBOXFACP 00000001 ASL  00000061)
[    0.000000] ACPI: DSDT 0x000000003FFF0470 00210F (v01 VBOX   VBOXBIOS 00000002 INTL 20100528)
[    0.000000] ACPI: FACS 0x000000003FFF0200 000040
[    0.000000] ACPI: FACS 0x000000003FFF0200 000040
[    0.000000] ACPI: APIC 0x000000003FFF0240 00005C (v02 VBOX   VBOXAPIC 00000001 ASL  00000061)
[    0.000000] ACPI: SSDT 0x000000003FFF02A0 0001CC (v01 VBOX   VBOXCPUT 00000002 INTL 20100528)
[    0.000000] No NUMA configuration found
[    0.000000] Faking a node at [mem 0x0000000000000000-0x000000003ffeffff]
[    0.000000] NODE_DATA(0) allocated [mem 0x3ffeb000-0x3ffeffff]
[    0.000000] kvm-clock: Using msrs 4b564d01 and 4b564d00
[    0.000000] kvm-clock: cpu 0, msr 0:3ffe7001, primary cpu clock
[    0.000000] kvm-clock: using sched offset of 3431953829 cycles
[    0.000000] clocksource: kvm-clock: mask: 0xffffffffffffffff max_cycles: 0x1cd42e4dffb, max_idle_ns: 881590591483 ns
[    0.000000] Zone ranges:
[    0.000000]   DMA      [mem 0x0000000000001000-0x0000000000ffffff]
[    0.000000]   DMA32    [mem 0x0000000001000000-0x000000003ffeffff]
[    0.000000]   Normal   empty
[    0.000000]   Device   empty
[    0.000000] Movable zone start for each node
[    0.000000] Early memory node ranges
[    0.000000]   node   0: [mem 0x0000000000001000-0x000000000009efff]
[    0.000000]   node   0: [mem 0x0000000000100000-0x000000003ffeffff]
[    0.000000] Initmem setup node 0 [mem 0x0000000000001000-0x000000003ffeffff]
[    0.000000] ACPI: PM-Timer IO Port: 0x4008
[    0.000000] IOAPIC[0]: apic_id 2, version 32, address 0xfec00000, GSI 0-23
[    0.000000] ACPI: INT_SRC_OVR (bus 0 bus_irq 0 global_irq 2 dfl dfl)
[    0.000000] ACPI: INT_SRC_OVR (bus 0 bus_irq 9 global_irq 9 high level)
[    0.000000] Using ACPI (MADT) for SMP configuration information
[    0.000000] smpboot: Allowing 2 CPUs, 0 hotplug CPUs
[    0.000000] PM: Registered nosave memory: [mem 0x00000000-0x00000fff]
[    0.000000] PM: Registered nosave memory: [mem 0x0009f000-0x0009ffff]
[    0.000000] PM: Registered nosave memory: [mem 0x000a0000-0x000effff]
[    0.000000] PM: Registered nosave memory: [mem 0x000f0000-0x000fffff]
[    0.000000] e820: [mem 0x40000000-0xfebfffff] available for PCI devices
[    0.000000] Booting paravirtualized kernel on KVM
[    0.000000] clocksource: refined-jiffies: mask: 0xffffffff max_cycles: 0xffffffff, max_idle_ns: 7645519600211568 ns
[    0.000000] setup_percpu: NR_CPUS:256 nr_cpumask_bits:256 nr_cpu_ids:2 nr_node_ids:1
[    0.000000] PERCPU: Embedded 33 pages/cpu @ffff88003fc00000 s98008 r8192 d28968 u1048576
[    0.000000] PV qspinlock hash table entries: 256 (order: 0, 4096 bytes)
[    0.000000] Built 1 zonelists in Node order, mobility grouping on.  Total pages: 257913
[    0.000000] Policy zone: DMA32
[    0.000000] Kernel command line: BOOT_IMAGE=/boot/vmlinuz-4.4.0-53-generic root=LABEL=cloudimg-rootfs ro console=tty1 console=ttyS0
[    0.000000] PID hash table entries: 4096 (order: 3, 32768 bytes)
[    0.000000] Memory: 1004200K/1048120K available (8427K kernel code, 1285K rwdata, 3956K rodata, 1480K init, 1292K bss, 43920K reserved, 0K cma-reserved)
[    0.000000] SLUB: HWalign=64, Order=0-3, MinObjects=0, CPUs=2, Nodes=1
[    0.000000] Hierarchical RCU implementation.
[    0.000000] 	Build-time adjustment of leaf fanout to 64.
[    0.000000] 	RCU restricting CPUs from NR_CPUS=256 to nr_cpu_ids=2.
[    0.000000] RCU: Adjusting geometry for rcu_fanout_leaf=64, nr_cpu_ids=2
[    0.000000] NR_IRQS:16640 nr_irqs:440 16
[    0.000000] Console: colour VGA+ 80x25
[    0.000000] console [tty1] enabled
[    0.000000] console [ttyS0] enabled
[    0.000000] tsc: Detected 2299.998 MHz processor
[    2.909159] Calibrating delay loop (skipped) preset value.. 4599.99 BogoMIPS (lpj=9199992)
[    2.967154] pid_max: default: 32768 minimum: 301
[    2.982420] ACPI: Core revision 20150930
[    3.033203] ACPI: 2 ACPI AML tables successfully acquired and loaded
[    3.080950] Security Framework initialized
[    3.121071] Yama: becoming mindful.
[    3.165193] AppArmor: AppArmor initialized
[    3.206399] Dentry cache hash table entries: 131072 (order: 8, 1048576 bytes)
[    3.268491] Inode-cache hash table entries: 65536 (order: 7, 524288 bytes)
[    3.344069] Mount-cache hash table entries: 2048 (order: 2, 16384 bytes)
[    3.386159] Mountpoint-cache hash table entries: 2048 (order: 2, 16384 bytes)
[    3.387854] Initializing cgroup subsys io
[    3.388873] Initializing cgroup subsys memory
[    3.415524] Initializing cgroup subsys devices
[    3.416843] Initializing cgroup subsys freezer
[    3.451102] Initializing cgroup subsys net_cls
[    3.482460] Initializing cgroup subsys perf_event
[    3.512178] Initializing cgroup subsys net_prio
[    3.553447] Initializing cgroup subsys hugetlb
[    3.554471] Initializing cgroup subsys pids
[    3.596760] CPU: Physical Processor ID: 0
[    3.627121] CPU: Processor Core ID: 0
[    3.629871] mce: CPU supports 0 MCE banks
[    3.672920] Last level iTLB entries: 4KB 1024, 2MB 1024, 4MB 1024
[    3.702072] Last level dTLB entries: 4KB 1024, 2MB 1024, 4MB 1024, 1GB 4
[    3.779506] Freeing SMP alternatives memory: 32K (ffffffff820b5000 - ffffffff820bd000)
[    3.866392] ftrace: allocating 32053 entries in 126 pages
[    3.938496] smpboot: Max logical packages: 1
[    3.996832] smpboot: APIC(0) Converting physical 0 to logical package 0
[    4.089090] x2apic enabled
[    4.121664] Switched APIC routing to physical x2apic.
[    4.193157] ..TIMER: vector=0x30 apic1=0 pin1=2 apic2=-1 pin2=-1
[    4.344425] smpboot: CPU0: Intel(R) Core(TM) i7-4650U CPU @ 1.70GHz (family: 0x6, model: 0x45, stepping: 0x1)
[    4.413986] Performance Events: unsupported p6 CPU model 69 no PMU driver, software events only.
[    4.507163] KVM setup paravirtual spinlock
[    4.508926] x86: Booting SMP configuration:
[    4.523581] .... node  #0, CPUs:      #1
[    4.524675] kvm-clock: cpu 1, msr 0:3ffe7041, secondary cpu clock
[    4.563180] mce: CPU supports 0 MCE banks
[    4.578033] x86: Booted up 1 node, 2 CPUs
[    4.592184] smpboot: Total of 2 processors activated (9199.99 BogoMIPS)
[    4.602099] devtmpfs: initialized
[    4.612934] evm: security.selinux
[    4.621902] evm: security.SMACK64
[    4.655540] evm: security.SMACK64EXEC
[    4.656604] evm: security.SMACK64TRANSMUTE
[    4.679845] evm: security.SMACK64MMAP
[    4.687984] evm: security.ima
[    4.719637] evm: security.capability
[    4.752870] clocksource: jiffies: mask: 0xffffffff max_cycles: 0xffffffff, max_idle_ns: 7645041785100000 ns
[    4.807672] pinctrl core: initialized pinctrl subsystem
[    4.825365] RTC time: 23:01:36, date: 12/11/16
[    4.882458] NET: Registered protocol family 16
[    4.897485] cpuidle: using governor ladder
[    4.941413] cpuidle: using governor menu
[    4.959860] PCCT header not found.
[    4.986520] ACPI: bus type PCI registered
[    5.026193] acpiphp: ACPI Hot Plug PCI Controller Driver version: 0.5
[    5.081931] PCI: Using configuration type 1 for base access
[    5.114947] ACPI: Added _OSI(Module Device)
[    5.164336] ACPI: Added _OSI(Processor Device)
[    5.217723] ACPI: Added _OSI(3.0 _SCP Extensions)
[    5.261475] ACPI: Added _OSI(Processor Aggregator Device)
[    5.319272] ACPI: Executed 1 blocks of module-level executable AML code
[    5.386883] ACPI: Interpreter enabled
[    5.428599] ACPI: (supports S0 S5)
[    5.459116] ACPI: Using IOAPIC for interrupt routing
[    5.468925] PCI: Using host bridge windows from ACPI; if necessary, use "pci=nocrs" and report a bug
[    5.475202] ACPI: PCI Root Bridge [PCI0] (domain 0000 [bus 00-ff])
[    5.490603] acpi PNP0A03:00: _OSC: OS supports [ASPM ClockPM Segments MSI]
[    5.492090] acpi PNP0A03:00: _OSC failed (AE_NOT_FOUND); disabling ASPM
[    5.493558] acpi PNP0A03:00: fail to add MMCONFIG information, can't access extended PCI configuration space under this bridge.
[    5.496443] PCI host bridge to bus 0000:00
[    5.510803] pci_bus 0000:00: root bus resource [io  0x0000-0x0cf7 window]
[    5.512419] pci_bus 0000:00: root bus resource [io  0x0d00-0xffff window]
[    5.513951] pci_bus 0000:00: root bus resource [mem 0x000a0000-0x000bffff window]
[    5.515744] pci_bus 0000:00: root bus resource [mem 0x40000000-0xffdfffff window]
[    5.528277] pci_bus 0000:00: root bus resource [bus 00-ff]
[    5.538759] pci 0000:00:01.1: legacy IDE quirk: reg 0x10: [io  0x01f0-0x01f7]
[    5.587961] pci 0000:00:01.1: legacy IDE quirk: reg 0x14: [io  0x03f6]
[    5.657994] pci 0000:00:01.1: legacy IDE quirk: reg 0x18: [io  0x0170-0x0177]
[    5.666852] pci 0000:00:01.1: legacy IDE quirk: reg 0x1c: [io  0x0376]
[    5.736094] pci 0000:00:07.0: quirk: [io  0x4000-0x403f] claimed by PIIX4 ACPI
[    5.793473] pci 0000:00:07.0: quirk: [io  0x4100-0x410f] claimed by PIIX4 SMB
[    5.838916] ACPI: PCI Interrupt Link [LNKA] (IRQs 5 9 10 *11)
[    5.847478] ACPI: PCI Interrupt Link [LNKB] (IRQs 5 9 10 *11)
[    5.860362] ACPI: PCI Interrupt Link [LNKC] (IRQs 5 9 *10 11)
[    5.926542] ACPI: PCI Interrupt Link [LNKD] (IRQs 5 *9 10 11)
[    5.950958] ACPI: Enabled 2 GPEs in block 00 to 07
[    5.962623] vgaarb: setting as boot device: PCI:0000:00:02.0
[    5.987273] vgaarb: device added: PCI:0000:00:02.0,decodes=io+mem,owns=io+mem,locks=none
[    6.013897] vgaarb: loaded
[    6.045501] vgaarb: bridge control possible 0000:00:02.0
[    6.089955] SCSI subsystem initialized
[    6.119549] ACPI: bus type USB registered
[    6.128594] usbcore: registered new interface driver usbfs
[    6.138060] usbcore: registered new interface driver hub
[    6.166166] usbcore: registered new device driver usb
[    6.191274] PCI: Using ACPI for IRQ routing
[    6.218327] NetLabel: Initializing
[    6.248048] NetLabel:  domain hash size = 128
[    6.300719] NetLabel:  protocols = UNLABELED CIPSOv4
[    6.340219] NetLabel:  unlabeled traffic allowed by default
[    6.362628] amd_nb: Cannot enumerate AMD northbridges
[    6.402766] clocksource: Switched to clocksource kvm-clock
[    6.485996] AppArmor: AppArmor Filesystem Enabled
[    6.568326] pnp: PnP ACPI init
[    6.587187] pnp: PnP ACPI: found 3 devices
[    6.626216] clocksource: acpi_pm: mask: 0xffffff max_cycles: 0xffffff, max_idle_ns: 2085701024 ns
[    6.769022] NET: Registered protocol family 2
[    6.814574] TCP established hash table entries: 8192 (order: 4, 65536 bytes)
[    6.929586] TCP bind hash table entries: 8192 (order: 5, 131072 bytes)
[    7.036946] TCP: Hash tables configured (established 8192 bind 8192)
[    7.091050] UDP hash table entries: 512 (order: 2, 16384 bytes)
[    7.135678] UDP-Lite hash table entries: 512 (order: 2, 16384 bytes)
[    7.200606] NET: Registered protocol family 1
[    7.227640] pci 0000:00:00.0: Limiting direct PCI/PCI transfers
[    7.231047] pci 0000:00:01.0: Activating ISA DMA hang workarounds
[    7.256845] Trying to unpack rootfs image as initramfs...
[    8.864867] Freeing initrd memory: 8432K (ffff880036f78000 - ffff8800377b4000)
[    8.943623] RAPL PMU detected, API unit is 2^-32 Joules, 4 fixed counters 10737418240 ms ovfl timer
[    9.001484] hw unit of domain pp0-core 2^-0 Joules
[    9.012931] hw unit of domain package 2^-0 Joules
[    9.041136] hw unit of domain dram 2^-0 Joules
[    9.052500] hw unit of domain pp1-gpu 2^-0 Joules
[    9.074047] platform rtc_cmos: registered platform RTC device (no PNP device found)
[    9.117582] Scanning for low memory corruption every 60 seconds
[    9.226026] futex hash table entries: 512 (order: 3, 32768 bytes)
[    9.303248] audit: initializing netlink subsys (disabled)
[    9.344999] audit: type=2000 audit(1481497299.937:1): initialized
[    9.391480] Initialise system trusted keyring
[    9.427059] HugeTLB registered 2 MB page size, pre-allocated 0 pages
[    9.450713] zbud: loaded
[    9.474912] VFS: Disk quotas dquot_6.6.0
[    9.502222] VFS: Dquot-cache hash table entries: 512 (order 0, 4096 bytes)
[    9.508503] squashfs: version 4.0 (2009/01/31) Phillip Lougher
[    9.561543] fuse init (API version 7.23)
[    9.576540] Key type big_key registered
[    9.591702] Allocating IMA MOK and blacklist keyrings.
[    9.649217] Key type asymmetric registered
[    9.679517] Asymmetric key parser 'x509' registered
[    9.680577] Block layer SCSI generic (bsg) driver version 0.4 loaded (major 249)
[    9.682272] io scheduler noop registered
[    9.708494] io scheduler deadline registered (default)
[    9.709739] io scheduler cfq registered
[    9.747590] pci_hotplug: PCI Hot Plug PCI Core version: 0.5
[    9.798299] pciehp: PCI Express Hot Plug Controller Driver version: 0.4
[    9.807486] ACPI: AC Adapter [AC] (on-line)
[    9.832511] input: Power Button as /devices/LNXSYSTM:00/LNXPWRBN:00/input/input0
[    9.869934] ACPI: Power Button [PWRF]
[    9.908006] input: Sleep Button as /devices/LNXSYSTM:00/LNXSLPBN:00/input/input1
[   10.007777] ACPI: Sleep Button [SLPF]
[   10.058046] GHES: HEST is not enabled!
[   10.060710] ACPI: Battery Slot [BAT0] (battery present)
[   10.118306] Serial: 8250/16550 driver, 32 ports, IRQ sharing enabled
[   10.119502] tsc: Refined TSC clocksource calibration: 2301.379 MHz
[   10.119505] clocksource: tsc: mask: 0xffffffffffffffff max_cycles: 0x212c4be9c2b, max_idle_ns: 440795301279 ns
[   10.232700] 00:02: ttyS0 at I/O 0x3f8 (irq = 4, base_baud = 115200) is a 16550A
[   10.288647] Linux agpgart interface v0.103
[   10.293436] brd: module loaded
[   10.309398] loop: module loaded
[   10.338680] scsi host0: ata_piix
[   10.364083] scsi host1: ata_piix
[   10.399513] ata1: PATA max UDMA/33 cmd 0x1f0 ctl 0x3f6 bmdma 0xd000 irq 14
[   10.467246] ata2: PATA max UDMA/33 cmd 0x170 ctl 0x376 bmdma 0xd008 irq 15
[   10.527463] libphy: Fixed MDIO Bus: probed
[   10.576493] tun: Universal TUN/TAP device driver, 1.6
[   10.598150] tun: (C) 1999-2004 Max Krasnyansky <maxk@qualcomm.com>
[   10.688519] PPP generic driver version 2.4.2
[   10.708451] ehci_hcd: USB 2.0 'Enhanced' Host Controller (EHCI) Driver
[   10.747830] ehci-pci: EHCI PCI platform driver
[   10.785619] ehci-platform: EHCI generic platform driver
[   10.812473] ohci_hcd: USB 1.1 'Open' Host Controller (OHCI) Driver
[   10.876644] ohci-pci: OHCI PCI platform driver
[   10.908568] ohci-platform: OHCI generic platform driver
[   10.948277] uhci_hcd: USB Universal Host Controller Interface driver
[   11.052365] i8042: PNP: PS/2 Controller [PNP0303:PS2K,PNP0f03:PS2M] at 0x60,0x64 irq 1,12
[   11.129028] serio: i8042 KBD port at 0x60,0x64 irq 1
[   11.132680] serio: i8042 AUX port at 0x60,0x64 irq 12
[   11.134018] mousedev: PS/2 mouse device common for all mice
[   11.148854] input: AT Translated Set 2 keyboard as /devices/platform/i8042/serio0/input/input2
[   11.155488] rtc_cmos rtc_cmos: rtc core: registered rtc_cmos as rtc0
[   11.155574] rtc_cmos rtc_cmos: alarms up to one day, 114 bytes nvram
[   11.155593] i2c /dev entries driver
[   11.155680] device-mapper: uevent: version 1.0.3
[   11.171597] device-mapper: ioctl: 4.34.0-ioctl (2015-10-28) initialised: dm-devel@redhat.com
[   11.171622] ledtrig-cpu: registered to indicate activity on CPUs
[   11.172036] NET: Registered protocol family 10
[   11.172242] NET: Registered protocol family 17
[   11.172258] Key type dns_resolver registered
[   11.172451] microcode: CPU0 sig=0x40651, pf=0x40, revision=0x0
[   11.180190] microcode: CPU1 sig=0x40651, pf=0x40, revision=0x0
[   11.180265] microcode: Microcode Update Driver: v2.01 <tigran@aivazian.fsnet.co.uk>, Peter Oruba
[   11.180445] registered taskstats version 1
[   11.180464] Loading compiled-in X.509 certificates
[   11.181417] Loaded X.509 cert 'Build time autogenerated kernel key: e9dbd2fef92418dc580496786c7b3d419aa7d17d'
[   11.181447] zswap: loaded using pool lzo/zbud
[   11.183050] Key type trusted registered
[   11.185153] Key type encrypted registered
[   11.185160] AppArmor: AppArmor sha1 policy hashing enabled
[   11.185163] ima: No TPM chip found, activating TPM-bypass!
[   11.185181] evm: HMAC attrs: 0x1
[   11.185501]   Magic number: 12:266:49
[   11.190805] rtc_cmos rtc_cmos: setting system clock to 2016-12-11 23:01:42 UTC (1481497302)
[   11.190935] BIOS EDD facility v0.16 2004-Jun-25, 0 devices found
[   11.190935] EDD information not available.
[   11.887138] Freeing unused kernel memory: 1480K (ffffffff81f43000 - ffffffff820b5000)
[   11.941621] Write protecting the kernel read-only data: 14336k
[   11.943286] Freeing unused kernel memory: 1800K (ffff88000183e000 - ffff880001a00000)
[   11.967394] Freeing unused kernel memory: 140K (ffff880001ddd000 - ffff880001e00000)
Loading, please [   12.121787] random: systemd-udevd: uninitialized urandom read (16 bytes read, 3 bits of entropy available)
wait...
startin[   12.125560] random: udevadm: uninitialized urandom read (16 bytes read, 3 bits of entropy available)
g version 229
[   12.125598] random: udevadm: uninitialized urandom read (16 bytes read, 3 bits of entropy available)
[   12.125737] random: udevadm: uninitialized urandom read (16 bytes read, 3 bits of entropy available)
[   12.125780] random: udevadm: uninitialized urandom read (16 bytes read, 3 bits of entropy available)
[   12.125821] random: udevadm: uninitialized urandom read (16 bytes read, 3 bits of entropy available)
[   12.125862] random: udevadm: uninitialized urandom read (16 bytes read, 3 bits of entropy available)
[   12.125900] random: udevadm: uninitialized urandom read (16 bytes read, 3 bits of entropy available)
[   12.125939] random: udevadm: uninitialized urandom read (16 bytes read, 3 bits of entropy available)
[   12.125976] random: udevadm: uninitialized urandom read (16 bytes read, 3 bits of entropy available)
[   12.469110] e1000: Intel(R) PRO/1000 Network Driver - version 7.3.21-k8-NAPI
[   12.496994] e1000: Copyright (c) 1999-2006 Intel Corporation.
[   12.522820] Fusion MPT base driver 3.04.20
[   12.537218] Copyright (c) 1999-2008 LSI Corporation
[   12.579811] AVX version of gcm_enc/dec engaged.
[   12.617309] AES CTR mode by8 optimization enabled
[   12.644163] Fusion MPT SPI Host driver 3.04.20
[   12.899183] input: ImExPS/2 Generic Explorer Mouse as /devices/platform/i8042/serio1/input/input4
[   13.016578] e1000 0000:00:03.0 eth0: (PCI:33MHz:32-bit) 02:b9:02:b6:c2:8f
[   13.089035] e1000 0000:00:03.0 eth0: Intel(R) PRO/1000 Network Connection
[   13.093915] mptbase: ioc0: Initiating bringup
[   13.163320] ioc0: LSI53C1030 A0: Capabilities={Initiator}
[   13.362541] scsi host2: ioc0: LSI53C1030 A0, FwRev=00000000h, Ports=1, MaxQ=256, IRQ=20
[   13.648148] scsi 2:0:0:0: Direct-Access     VBOX     HARDDISK         1.0  PQ: 0 ANSI: 5
[   13.688363] scsi target2:0:0: Beginning Domain Validation
[   13.692463] scsi target2:0:0: Domain Validation skipping write tests
[   13.703471] scsi target2:0:0: Ending Domain Validation
[   13.704836] scsi target2:0:0: asynchronous
[   13.714967] scsi 2:0:1:0: Direct-Access     VBOX     HARDDISK         1.0  PQ: 0 ANSI: 5
[   13.719160] scsi target2:0:1: Beginning Domain Validation
[   13.723082] scsi target2:0:1: Domain Validation skipping write tests
[   13.726608] scsi target2:0:1: Ending Domain Validation
[   13.727961] scsi target2:0:1: asynchronous
[   13.812197] sd 2:0:0:0: Attached scsi generic sg0 type 0
[   13.816340] sd 2:0:0:0: [sda] 20971520 512-byte logical blocks: (10.7 GB/10.0 GiB)
[   13.821314] sd 2:0:1:0: Attached scsi generic sg1 type 0
[   13.825125] sd 2:0:0:0: [sda] Write Protect is off
[   13.827579] sd 2:0:1:0: [sdb] 20480 512-byte logical blocks: (10.5 MB/10.0 MiB)
[   13.835827] sd 2:0:0:0: [sda] Incomplete mode parameter data
[   13.837234] sd 2:0:0:0: [sda] Assuming drive cache: write through
[   13.839340] sd 2:0:1:0: [sdb] Write Protect is off
[   13.844876] sd 2:0:1:0: [sdb] Incomplete mode parameter data
[   13.848453] sd 2:0:1:0: [sdb] Assuming drive cache: write through
[   13.861817]  sda: sda1
[   13.864734] sd 2:0:0:0: [sda] Attached SCSI disk
[   13.870505] sd 2:0:1:0: [sdb] Attached SCSI disk
[   14.019577] e1000 0000:00:08.0 eth1: (PCI:33MHz:32-bit) 08:00:27:c4:65:b3
[   14.098461] e1000 0000:00:08.0 eth1: Intel(R) PRO/1000 Network Connection
[   14.168330] e1000 0000:00:03.0 enp0s3: renamed from eth0
[   14.227125] e1000 0000:00:08.0 enp0s8: renamed from eth1
[   15.675887] floppy0: no floppy controllers found
Begin: Loading e[   17.139031] md: linear personality registered for level -1
ssential drivers[   17.191104] md: multipath personality registered for level -4
 ... [   17.320091] md: raid0 personality registered for level 0
[   17.396571] md: raid1 personality registered for level 1
[   17.523128] raid6: sse2x1   gen()  9083 MB/s
[   17.658813] raid6: sse2x1   xor()  6610 MB/s
[   17.742805] raid6: sse2x2   gen() 10753 MB/s
[   17.835253] raid6: sse2x2   xor()  6945 MB/s
[   17.943308] raid6: sse2x4   gen() 13483 MB/s
[   18.054948] raid6: sse2x4   xor()  8257 MB/s
[   18.064405] raid6: using algorithm sse2x4 gen() 13483 MB/s
[   18.085673] raid6: .... xor() 8257 MB/s, rmw enabled
[   18.112771] raid6: using ssse3x2 recovery algorithm
[   18.146733] xor: automatically using best checksumming function:
[   18.238851]    avx       : 17022.000 MB/sec
[   18.285022] async_tx: api initialized (async)
[   18.336548] md: raid6 personality registered for level 6
[   18.390894] md: raid5 personality registered for level 5
[   18.393473] md: raid4 personality registered for level 4
[   18.451010] md: raid10 personality registered for level 10
done.
Begin: Running /scripts/init-premount ...[   18.536506] Btrfs loaded
 done.
Begin: Mounting root file system ... Begin: Running /scripts/local-top ... done.
Begin: Running /scripts/local-premount ... Scanning for Btrfs filesystems
done.
Warn[   18.636874] EXT4-fs (sda1): mounted filesystem with ordered data mode. Opts: (null)
ing: fsck not present, so skipping root file system
done.
Begin: Running /scripts/local-bottom ... done.
Begin: Running /scripts/init-bottom ... Warning: overlayroot: debug is busted
done.
[   18.840465] systemd[1]: systemd 229 running in system mode. (+PAM +AUDIT +SELINUX +IMA +APPARMOR +SMACK +SYSVINIT +UTMP +LIBCRYPTSETUP +GCRYPT +GNUTLS +ACL +XZ -LZ4 +SECCOMP +BLKID +ELFUTILS +KMOD -IDN)
[   18.855258] systemd[1]: Detected virtualization oracle.
[   18.857276] systemd[1]: Detected architecture x86-64.

Welcome to [1mUbuntu 16.04.1 LTS[0m!

[   18.891542] systemd[1]: Set hostname to <ubuntu>.
[   18.918320] systemd[1]: Initializing machine ID from random generator.
[   18.987535] systemd[1]: Installed transient /etc/machine-id file.
[   19.210407] systemd[1]: Reached target Encrypted Volumes.
[[0;32m  OK  [0m] Reached target Encrypted Volumes.
[   19.269567] systemd[1]: Listening on Journal Audit Socket.
[[0;32m  OK  [0m] Listening on Journal Audit Socket.
[   19.343352] systemd[1]: Listening on Syslog Socket.
[[0;32m  OK  [0m] Listening on Syslog Socket.
[   19.432029] systemd[1]: Listening on udev Control Socket.
[[0;32m  OK  [0m] Listening on udev Control Socket.
[   19.451623] systemd[1]: Listening on /dev/initctl Compatibility Named Pipe.
[[0;32m  OK  [0m] Listening on /dev/initctl Compatibility Named Pipe.
[   19.464304] systemd[1]: Created slice User and Session Slice.
[[0;32m  OK  [0m] Created slice User and Session Slice.
[   19.523398] systemd[1]: Listening on udev Kernel Socket.
[[0;32m  OK  [0m] Listening on udev Kernel Socket.
[   19.651584] systemd[1]: Reached target User and Group Name Lookups.
[[0;32m  OK  [0m] Reached target User and Group Name Lookups.
[   19.815657] systemd[1]: Created slice System Slice.
[[0;32m  OK  [0m] Created slice System Slice.
[   19.881178] systemd[1]: Created slice system-serial\x2dgetty.slice.
[[0;32m  OK  [0m] Created slice system-serial\x2dgetty.slice.
[   19.991085] systemd[1]: Started Forward Password Requests to Wall Directory Watch.
[[0;32m  OK  [0m] Started Forward Password Requests to Wall Directory Watch.
[   20.116001] systemd[1]: Listening on LVM2 metadata daemon socket.
[[0;32m  OK  [0m] Listening on LVM2 metadata daemon socket.
[   20.167350] systemd[1]: Set up automount Arbitrary Executable File Formats File System Automount Point.
[[0;32m  OK  [0m] Set up automount Arbitrary Executab...ats File System Automount Point.
[   20.267479] systemd[1]: Listening on Journal Socket (/dev/log).
[[0;32m  OK  [0m] Listening on Journal Socket (/dev/log).
[   20.331281] systemd[1]: Listening on Journal Socket.
[[0;32m  OK  [0m] Listening on Journal Socket.
[   20.403723] systemd[1]: Mounting Debug File System...
         Mounting Debug File System...
[   20.495283] systemd[1]: Starting Nameserver information manager...
         Starting Nameserver information manager...
[   20.551164] systemd[1]: Starting Load Kernel Modules...
[   20.568253] Loading iSCSI transport class v2.0-870.
         Startin[   20.613280] iscsi: registered transport (tcp)
g Load Kernel Modules...
[   20.656265] iscsi: registered transport (iser)
[   20.707273] systemd[1]: Starting Uncomplicated firewall...
         Starting Uncomplicated firewall...
[   20.749668] systemd[1]: Mounting Huge Pages File System...
         Mounting Huge Pages File System...
[   20.811664] systemd[1]: Starting Journal Service...
         Starting Journal Service...
[   20.843842] systemd[1]: Reached target Slices.
[[0;32m  OK  [0m] Reached target Slices.
[   20.907512] systemd[1]: Mounting POSIX Message Queue File System...
         Mounting POSIX Message Queue File System...
[   20.975433] systemd[1]: Starting Create list of required static device nodes for the current kernel...
         Starting Create list of required st... nodes for the current kernel...
[   21.136452] systemd[1]: Reached target Swap.
[[0;32m  OK  [0m] Reached target Swap.
[   21.195324] systemd[1]: Listening on LVM2 poll daemon socket.
[[0;32m  OK  [0m] Listening on LVM2 poll daemon socket.
[   21.299480] systemd[1]: Listening on Device-mapper event daemon FIFOs.
[[0;32m  OK  [0m] Listening on Device-mapper event daemon FIFOs.
[   21.427115] systemd[1]: Starting Monitoring of LVM2 mirrors, snapshots etc. using dmeventd or progress polling...
[   21.437210] random: nonblocking pool is initialized
         Starting Monitoring of LVM2 mirrors... dmeventd or progress polling...
[   21.547693] systemd[1]: Starting Set console keymap...
         Starting Set console keymap...
[   21.599602] systemd[1]: Starting Remount Root and Kernel File Systems...
[   21.606820] EXT4-fs (sda1): re-mounted. Opts: (null)
         Starting Remount Root and Kernel File Systems...
[   21.664122] systemd[1]: Mounted Huge Pages File System.
[[0;32m  OK  [0m] Mounted Huge Pages File System.
[   21.732943] systemd[1]: Mounted Debug File System.
[[0;32m  OK  [0m] Mounted Debug File System.
[   21.847494] systemd[1]: Mounted POSIX Message Queue File System.
[[0;32m  OK  [0m] Mounted POSIX Message Queue File System.
[   21.887458] systemd[1]: Started Journal Service.
[[0;32m  OK  [0m] Started Journal Service.
[[0;32m  OK  [0m] Started Load Kernel Modules.
[[0;32m  OK  [0m] Started Uncomplicated firewall.
[[0;32m  OK  [0m] Started Create list of required sta...ce nodes for the current kernel.
[[0;32m  OK  [0m] Started Set console keymap.
[[0;32m  OK  [0m] Started Remount Root and Kernel File Systems.
[[0;32m  OK  [0m] Started Nameserver information manager.
[[0;32m  OK  [0m] Started LVM2 metadata daemon.
         Starting udev Coldplug all Devices...
         Starting Load/Save Random Seed...
         Starting Initial cloud-init job (pre-networking)...
         Starting Create Static Device Nodes in /dev...
         Starting Apply Kernel Variables...
         Mounting FUSE Control File System...
         Starting Flush Journal to Persistent Storage...
[[0;32m  OK  [0m] Mounted FUSE Control File System.
[[0;32m  OK  [0m] Started Load/Save Random Seed.
[[0;32m  OK  [0m] Started Create Static Device Nodes in /dev.
[[0;32m  OK  [0m] Started Apply Kernel Variables.
[[0;32m  OK  [0m] Started Monitoring of LVM2 mirrors,...ng dmeventd or progress polling.
[[0;32m  OK  [0m] Started udev Coldplug all Devices.
[[0;32m  OK  [0m] Started Flush Journal to Persistent Storage.
         Starting udev Kernel Device Manager...
[[0;32m  OK  [0m] Started udev Kernel Device Manager.
[[0;32m  OK  [0m] Started Dispatch Password Requests to Console Directory Watch.
[[0;32m  OK  [0m] Reached target Local File Systems (Pre).
[[0;32m  OK  [0m] Reached target Local File Systems.
         Starting Commit a transient machine-id on disk...
         Starting LSB: AppArmor initialization...
         Starting Create Volatile Files and Directories...
         Starting Set console font and keymap...
         Starting Tell Plymouth To Write Out Runtime Data...
         Starting Run snappy firstboot setup...
[[0;32m  OK  [0m] Started Commit a transient machine-id on disk.
[[0;32m  OK  [0m] Started Create Volatile Files and Directories.
[[0;32m  OK  [0m] Started Tell Plymouth To Write Out Runtime Data.
[[0;32m  OK  [0m] Started Run snappy firstboot setup.
[[0;32m  OK  [0m] Found device /dev/ttyS0.
         Starting Update UTMP about System Boot/Shutdown...
[[0;32m  OK  [0m] Reached target System Time Synchronized.
[[0;32m  OK  [0m] Started Update UTMP about System Boot/Shutdown.
[[0;32m  OK  [0m] Listening on Load/Save RF Kill Switch Status /dev/rfkill Watch.
[   18.181846] cloud-init[474]: Cloud-init v. 0.7.8 running 'init-local' at Sun, 11 Dec 2016 23:01:54 +0000. Up 17.46 seconds.
[[0;32m  OK  [0m] Started Initial cloud-init job (pre-networking).
[[0;32m  OK  [0m] Started LSB: AppArmor initialization.
[[0;32m  OK  [0m] Reached target Network (Pre).
         Starting Raise network interfaces...
[[0;32m  OK  [0m] Started Set console font and keymap.
[[0;32m  OK  [0m] Created slice system-getty.slice.
[[0;32m  OK  [0m] Started Raise network interfaces.
         Starting Initial cloud-init job (metadata service crawler)...
[[0;32m  OK  [0m] Reached target Network.
[   21.553449] cloud-init[950]: Cloud-init v. 0.7.8 running 'init' at Sun, 11 Dec 2016 23:01:58 +0000. Up 20.90 seconds.
[   21.640890] [cloud-init[0;32m  OK  [0m[950]: ] ci-info: +++++++++++++++++++++++++++++++++++++Net device info++++++++++++++++++++++++++++++++++++++Started Initial cloud-init job (metadata service crawler).

[   21.641610] cloud-init[950]: ci-info: +--------+-------+---------------------------+---------------+-------+-------------------+
[   21.816375] [cloud-init[0;32m  OK  [0m[950]: ] ci-info: | Device |   Up  |          Address          |      Mask     | Scope |     Hw-Address    |Reached target System Initialization.

[   21.861128] cloud-init[950]:          ci-info: +--------+-------+---------------------------+---------------+-------+-------------------+Starting Socket activation for snappy daemon.

[[0;32m  OK  [0m] Listening on UUID daemon activation socket.
[   21.861772] cloud-init[950]: ci-info: |   lo   |  True |         127.0.0.1         |   255.0.0.0   |   .   |         .         |
[   22.044427] [cloud-init[0;32m  OK  [0m[950]: ] ci-info: |   lo   |  True |          ::1/128          |       .       |  host |         .         |Started Daily apt activities.

[   22.120398] [cloud-init[0;32m  OK  [0m[950]: ] ci-info: | enp0s8 | False |             .             |       .       |   .   | 08:00:27:c4:65:b3 |Started Trigger resolvconf update for networkd DNS.

[   22.121143] cloud-init[950]: ci-info: | enp0s3 |  True |         10.0.2.15         | 255.255.255.0 |   .   | 02:b9:02:b6:c2:8f |
[[0;32m  OK  [0m] Started ACPI Events Check.
[   22.169812] [cloud-init[0;32m  OK  [0m[950]: ] ci-info: | enp0s3 |  True | fe80::b9:2ff:feb6:c28f/64 |       .       |  link | 02:b9:02:b6:c2:8f |Reached target Paths.

[[0;32m  OK  [0m] Started Timer to automatically refresh installed snaps.
[[0;32m  OK  [0m] Listening on ACPID Listen Socket.
[   22.249222] cloud-init[950]: ci-info: +--------+-------+---------------------------+---------------+-------+-------------------+
[   22.324498] [[0;32m  OK  [0m] Listening on D-Bus System Message Bus Socket.
cloud-init[950]: ci-info: +++++++++++++++++++++++++++Route IPv4 info++++++++++++++++++++++++++++
[   22.420481]          cloud-initStarting LXD - unix socket.[950]: 
ci-info: +-------+-------------+----------+---------------+-----------+-------+
[   22.543145] [cloud-init[0;32m  OK  [0m[950]: ] ci-info: | Route | Destination | Gateway  |    Genmask    | Interface | Flags |Started Daily Cleanup of Temporary Directories.

[[0;32m  OK  [0m] Reached target Timers.
[[0;32m  OK  [0m] Reached target Cloud-config availability.
[   22.543798] cloud-init[950]: ci-info: +-------+-------------+----------+---------------+-----------+-------+
[   22.680457] [cloud-init[0;32m  OK  [0m[950]: ] ci-info: |   0   |   0.0.0.0   | 10.0.2.2 |    0.0.0.0    |   enp0s3  |   UG  |Reached target Network is Online.

[   22.744388]          cloud-initStarting iSCSI initiator daemon (iscsid)...[950]: 
ci-info: |   1   |   10.0.2.0  | 0.0.0.0  | 255.255.255.0 |   enp0s3  |   U   |
[   22.790687] [cloud-init[0;32m  OK  [0m[950]: ] ci-info: +-------+-------------+----------+---------------+-----------+-------+Listening on Socket activation for snappy daemon.

[[0;32m  OK  [0m] Listening on LXD - unix socket.
[   22.817073] cloud-init[950]: Generating public/private rsa key pair.
[[0;32m  OK  [0m] Started iSCSI initiator daemon (iscsid).
[   22.860454] cloud-init[950]: Your identification has been saved in /etc/ssh/ssh_host_rsa_key.
[   22.948476]          cloud-initStarting Login to default iSCSI targets...[950]: 
Your public key has been saved in /etc/ssh/ssh_host_rsa_key.pub.
[   23.020580] [cloud-init[0;32m  OK  [0m[950]: ] The key fingerprint is:Reached target Sockets.

[   23.108486] [cloud-init[0;32m  OK  [0m[950]: ] SHA256:nLyhaynBUQSt8nokiVL9Hxc4amhERI4NlPQdQ9jdntE root@ubuntu-xenialReached target Basic System.

         Starting Pollinate to seed the pseudo random number generator...
[   23.220614] cloud-init[950]: The key's randomart image is:
         Starting LXD - container startup/shutdown...
[   23.278927] cloud-init[950]: +---[RSA 2048]----+
[[0;32m  OK  [0m] Started Regular background program processing daemon.
[   23.313825] cloud-init         Starting Login Service...
[950]: | o+++B=. . .     |
[[0;32m  OK  [0m] Started Deferred execution scheduler.
         Starting System Logging Service...
         Starting LSB: MD monitoring daemon...
[[0;32m  OK  [0m] Started FUSE filesystem for LXC.
         Starting LSB: Record successful boot for GRUB...
[   23.333911] cloud-init[950]: |  .*o.+o. o E    |
         Starting Apply the settings specified in cloud-config...
[   23.433595] cloud-init[950]: |  .o+o.  o o     |
[   23.468593] cloud-init[950]: |  o =  oo.+      |
[   23.484915] cloud-init[950]: | o * + .S. .     |
         Starting /etc/rc.local Compatibility...
[   23.507830] cloud-init[950]: |o o B +..o.      |
[   23.546983] cloud-init[950]: |.  = o.o.o       |
[[0;32m  OK  [0m] Started ACPI event daemon.
[   23.568093] cloud-init[950]: |  . o o..        |
[   23.602861] cloud-init[950]: |   . o.          |
[[0;32m  OK  [0m] Started D-Bus System Message Bus.
[   23.632717] cloud-init[950]: +----[SHA256]-----+
[   23.680582] cloud-init[950]: Generating public/private dsa key pair.
[   23.726809] cloud-init[950]: Your identification has been saved in /etc/ssh/ssh_host_dsa_key.
[   23.766768] cloud-init[950]: Your public key has been saved in /etc/ssh/ssh_host_dsa_key.pub.
[   23.872582] cloud-init[950]: The key fingerprint is:
[   23.940826] cloud-init[950]: SHA256:S0dxzAatJmJRe1XxdUxEpCc9JFpvs45eSP0GKfT+cq8 root@ubuntu-xenial
[   23.982172] cloud-init[950]: The key's randomart image is:
         Starting Accounts Service...
[   24.016441] cloud-init[950]: +---[DSA 1024]----+
[   24.071241] cloud-init[950]: |       .. o=o+oOB|
[[0;32m  OK  [0m] Started Snappy daemon.
[[0;32m  OK  [0m] Started System Logging Service.
[[0;32m  OK  [0m] Started Pollinate to seed the pseudo random number generator.
[[0;32m  OK  [0m] Started LXD - container startup/shutdown.
[[0;32m  OK  [0m] Started /etc/rc.local Compatibility.
[   24.123685] cloud-init[950]: |      .  . +B +++|
[   24.264358] cloud-init[950]: |       .. o+. o=+|
[[   24.292663] cloud-init[950]: |      o .oo. .o++|
[0;32m  OK  [0m] Started Login to default iSCSI targets.
[   24.293529] cloud-init[950]: |     . .So. ..+o |
[   24.368874] cloud-init[950]: |       . o  .o+..|
[   24.390138] cloud-init[950]: |        .    o.oo|
[   24.412589] cloud-init[950]: |            . oo.|
[[0;32m  OK  [0m[   24.426581] ] cloud-initStarted LSB: MD monitoring daemon.[950]: 
|             .E++|
[   24.464742] cloud-init[950]: +----[SHA256]-----+
[   24.465387] cloud-init[950]: Generating public/private ecdsa key pair.
[[0;32m  OK  [0m] Started LSB: Record successful boot for GRUB.
[   24.465481] cloud-init[950]: Your identification has been saved in /etc/ssh/ssh_host_ecdsa_key.
[   24.485706] cloud-init[950]: Your public key has been saved in /etc/ssh/ssh_host_ecdsa_key.pub.
[   24.498659] cloud-init[950]: The key fingerprint is:
[   24.516502] [cloud-init[950]: SHA256:ZR9h63xjbWC83kad9HLPWhhwMd4YtYMLnYIwMtJHUak root@ubuntu-xenial
[0;32m  OK  [0m] Started Login Service.
[   24.518854] cloud-init[950]: The key's randomart image is:
[   24.638036]          cloud-initStarting Authenticate and Authorize Users to Run Privileged Tasks...[950]: 
+---[ECDSA 256]---+
[   24.638690] [[0;32m  OK  [0m] Reached target Remote File Systems (Pre).
[[0;32m  OK  [0m] Reached target Remote File Systems.
cloud-init[950]: |   ..o.=o.. o +..|
         Starting LSB: daemon to balance interrupts for SMP systems...
[   24.671875] cloud-init[950]: |    ..o.o....=o*.|
[   24.712624] cloud-init[950]: |      . ..oo++B+.|
[   24.737823]          Starting Permit User Sessions...
         Starting LSB: VirtualBox Linux Additions...
         Starting LSB: automatic crash report generation...
         Starting LSB: Set the CPU Frequency Scaling governor to "ondemand"...
         Starting OpenBSD Secure Shell server...
[[0;32m  OK  [0m] Started Permit User Sessions.
[[0;32m  OK  [0m] Started Authenticate and Authorize Users to Run Privileged Tasks.
[[0;32m  OK  [0m] Started Accounts Service.
cloud-init[950]: |       E o +o=o+=|
[   24.784469] cloud-init[950]: |        S   +.B.B|
[   24.787147] cloud-init[950]: |             + @.|
[   24.791579] cloud-init[950]: |              o *|
[   24.816701] cloud-init[950]: |               + |
         Starting Terminate Plymouth Boot Screen...
[   24.834686] cloud-init[950]: |              .  |
         Starting Hold until boot process finishes up...
[   24.870485] cloud-init[950]: +----[SHA256]-----+
[   24.896429] cloud-init[950]: Generating public/private ed25519 key pair.
[[0;32m  OK  [0m] Started OpenBSD Secure Shell server.
[[0;32m  OK  [0m] Started Terminate Plymouth Boot Screen.
[   24.908690] cloud-init[950]: Your identification has been saved in /etc/ssh/ssh_host_ed25519_key.
[   24.948998] cloud-init[950]: Your public key has been saved in /etc/ssh/ssh_host_ed25519_key.pub.
[   24.949381] cloud-init[950]: The key fingerprint is:
[   24.949589] cloud-init[950]: SHA256:RDGCV+UdisHk38QaOO4jebldBwZseQbClsHJ/yC7WS8 root@ubuntu-xenial
[   24.949705] cloud-init[950]: The key's randomart image is:
[   24.949826] cloud-init[950]: +--[ED25519 256]--+
[   24.949979] cloud-init[950]: |     ..BX*o .    |
[   24.950189] cloud-init[950]: |    . .+OO * .   |
[   24.950351] cloud-init[950]: |     . .*.O *    |
[   24.950438] cloud-init[950]: |       o.+oO     |
[   24.950532] cloud-init[950]: |        Sooo+    |
[   24.950626] cloud-init[950]: |       o......   |
[   24.950808] cloud-init[950]: |      o =+ .. .  |
[   24.950990] cloud-init[950]: |       oo+E...   |
[   24.951800] cloud-init[950]: |        . ..     |
[   24.951955] cloud-init[950]: +----[SHA256]-----+
[[0;32m  OK  [0m] Started Hold until boot process finishes up.
[   24.963771] cloud-init[1121]: Generating locales (this might take a while)...
         Starting Set console scheme...
[[0;32m  OK  [0m] Started Serial Getty on ttyS0.
[[0;32m  OK  [0m] Started Getty on tty1.
[[0;32m  OK  [0m] Reached target Login Prompts.
[[0;32m  OK  [0m] Started LSB: Set the CPU Frequency Scaling governor to "ondemand".
[[0;32m  OK  [0m] Started LSB: daemon to balance interrupts for SMP systems.
[[0;32m  OK  [0m] Started LSB: automatic crash report generation.
[[0;32m  OK  [0m] Started Set console scheme.
[[0;32m  OK  [0m] Started LSB: VirtualBox Linux Additions.
[[0;32m  OK  [0m] Reached target Multi-User System.
         Starting Notify bootloader that boot was successful...
[[0;32m  OK  [0m] Reached target Graphical Interface.
         Starting Update UTMP about System Runlevel Changes...
[[0;32m  OK  [0m] Started Notify bootloader that boot was successful.
[[0;32m  OK  [0m] Started Update UTMP about System Runlevel Changes.
[   26.109498] cloud-init[1121]:   en_US.UTF-8... done
[   26.129196] cloud-init[1121]: Generation complete.
         Stopping OpenBSD Secure Shell server...
[[0;32m  OK  [0m] Stopped OpenBSD Secure Shell server.
         Starting OpenBSD Secure Shell server...
[[0;32m  OK  [0m] Started OpenBSD Secure Shell server.
[[0;32m  OK  [0m] Created slice User Slice of ubuntu.
         Starting User Manager for UID 1000...
[[0;32m  OK  [0m] Started Session 1 of user ubuntu.
[[0;32m  OK  [0m] Started User Manager for UID 1000.
[   26.636292] cloud-init[1121]: Cloud-init v. 0.7.8 running 'modules:config' at Sun, 11 Dec 2016 23:02:01 +0000. Up 24.22 seconds.
[[0;32m  OK  [0m] Started Apply the settings specified in cloud-config.
         Starting Execute cloud user/final scripts...
ci-info: no authorized ssh keys fingerprints found for user ubuntu.
<14>Dec 11 23:02:04 ec2: 
<14>Dec 11 23:02:04 ec2: #############################################################
<14>Dec 11 23:02:04 ec2: -----BEGIN SSH HOST KEY FINGERPRINTS-----
<14>Dec 11 23:02:04 ec2: 1024 SHA256:S0dxzAatJmJRe1XxdUxEpCc9JFpvs45eSP0GKfT+cq8 root@ubuntu-xenial (DSA)
<14>Dec 11 23:02:04 ec2: 256 SHA256:ZR9h63xjbWC83kad9HLPWhhwMd4YtYMLnYIwMtJHUak root@ubuntu-xenial (ECDSA)
<14>Dec 11 23:02:04 ec2: 256 SHA256:RDGCV+UdisHk38QaOO4jebldBwZseQbClsHJ/yC7WS8 root@ubuntu-xenial (ED25519)
<14>Dec 11 23:02:04 ec2: 2048 SHA256:nLyhaynBUQSt8nokiVL9Hxc4amhERI4NlPQdQ9jdntE root@ubuntu-xenial (RSA)
<14>Dec 11 23:02:04 ec2: -----END SSH HOST KEY FINGERPRINTS-----
<14>Dec 11 23:02:04 ec2: #############################################################
-----BEGIN SSH HOST KEY KEYS-----
ecdsa-sha2-nistp256 AAAAE2VjZHNhLXNoYTItbmlzdHAyNTYAAAAIbmlzdHAyNTYAAABBBJfk471r44dyQ6gKm5U/a3vS9eNiJQaHHKSJGOeVyG0tbS9Uv/YudIbpcdI7Oqqw1TUarZpd9kOvwezmuIEh6RQ= root@ubuntu-xenial
ssh-ed25519 AAAAC3NzaC1lZDI1NTE5AAAAIAdz+8CAH+DM1a1jmsnOyeIi1z+kqgxc/kgArH1L9YGd root@ubuntu-xenial
ssh-rsa AAAAB3NzaC1yc2EAAAADAQABAAABAQC4TeoL++9LlYfrJH+eP1YMQpWdu5tdPi/N0YaAEmbP+rpM3rP/WEhNj1RJS7vg07vzj6qXupVqgwIvbpJibjcPqc2acu69s4MqnIK27rqbC/NZr5Id3idVnuUGYPUCpqvLZ5zsP9e38INGD39OFQaQxQVBlNuZujBrGdjHdOPAPU0Lwgh4delSYT0XVz/usjtEaUdzX0p2UV27tJdfbvukOgz3kB3s9MAm57J5VgfiLOfBsetgVR0fonfV1ZzHVKQXMo7vHf4+DLuDnONYRp6oYb2oslvgvnXGUNME9M3vdMKe6Te/4BfocYXn2sgpgaorxoYj+BpLJ5zc9PoIKK/n root@ubuntu-xenial
-----END SSH HOST KEY KEYS-----
[   27.970864] cloud-init[1390]: Cloud-init v. 0.7.8 running 'modules:final' at Sun, 11 Dec 2016 23:02:04 +0000. Up 27.37 seconds.
[   27.989808] cloud-init[1390]: ci-info: no authorized ssh keys fingerprints found for user ubuntu.
[   28.002109] cloud-init[1390]: Cloud-init v. 0.7.8 finished at Sun, 11 Dec 2016 23:02:05 +0000. Datasource DataSourceNoCloud [seed=/dev/sdb][dsmode=net].  Up 27.95 seconds
[[0;32m  OK  [0m] Started Execute cloud user/final scripts.
[[0;32m  OK  [0m] Reached target Cloud-init target.

Ubuntu 16.04.1 LTS ubuntu-xenial ttyS0

ubuntu-xenial login: 